src/App.tsx(160,47): error TS2739: Type '{}' is missing the following properties from type 'SuperAdminDashboardProps': data, onRefresh
src/components/CustomerModal.tsx(127,20): error TS2345: Argument of type '{ creditLimit: number; }' is not assignable to parameter of type 'CustomerInput'.
  Type '{ creditLimit: number; }' is missing the following properties from type 'CustomerInput': name, phone, customerType
src/components/PharmacyProductModal.tsx(181,14): error TS2304: Cannot find name 'Beaker'.
src/components/POS/ModernProductResults.tsx(36,80): error TS2339: Property 'isLoading' does not exist on type 'ModernProductResultsProps'.
src/components/ProductManagementModal.tsx(294,17): error TS2322: Type '(e: React.ChangeEvent<HTMLInputElement | HTMLSelectElement>) => void' is not assignable to type '(e: ChangeEvent<HTMLTextAreaElement, Element>) => void'.
  Types of parameters 'e' and 'e' are incompatible.
    Type 'ChangeEvent<HTMLTextAreaElement, Element>' is not assignable to type 'ChangeEvent<HTMLInputElement | HTMLSelectElement, Element>'.
      Type 'HTMLTextAreaElement' is not assignable to type 'HTMLInputElement | HTMLSelectElement'.
        Type 'HTMLTextAreaElement' is missing the following properties from type 'HTMLInputElement': accept, align, alt, capture, and 29 more.
src/components/ui/Input.tsx(22,70): error TS2769: No overload matches this call.
  The last overload gave the following error.
    Object literal may only specify known properties, and 'size' does not exist in type 'Partial<unknown> & Attributes'.
src/components/ui/Input.tsx(44,70): error TS2769: No overload matches this call.
  The last overload gave the following error.
    Object literal may only specify known properties, and 'size' does not exist in type 'Partial<unknown> & Attributes'.
src/hooks/useAdminData.ts(34,9): error TS2304: Cannot find name 'hasFetchedRef'.
src/hooks/useAdminData.ts(49,7): error TS2304: Cannot find name 'hasFetchedRef'.
